[
  {
    "name": "Astroport",
    "website": "https://t.co/ejYaePobxy",
    "telegram": "https://t.co/kiLJmew5Ls",
    "twitter": "https://twitter.com/astroport_fi"
  },
  {
    "name": "Cosmos",
    "website": "https://cosmos.network/",
    "telegram": "https://t.me/cosmosproject",
    "twitter": "https://twitter.com/cosmos",
    "coinmarketcap": "https://coinmarketcap.com/currencies/cosmos/",
    "coingecko": "https://www.coingecko.com/en/coins/cosmos-hub"
  },
  {
    "name": "Secret Network",
    "website": "scrt.network",
    "telegram": "https://t.me/scrtCommunity",
    "twitter": "https://twitter.com/SecretNetwork",
    "coinmarketcap": "https://coinmarketcap.com/currencies/secret/",
    "coingecko": "https://www.coingecko.com/en/coins/secret"
  },
  {
    "name": "Test"
  }
]
