[
  {
    "id": "terra1hmm6wkt2uq973hpykg46rtae34y3maplyl8l9fhpm2vfftrew5uq5t6a0r",
    "asset_ids": [
      "ibc/14ACCAD1750327C74BB35978AD0C3E97B184DAB9F0BF4BD876FBD1F782B57110",
      "ibc/B3504E092456BA618CC28AC671A71FB08C6CA0FD0BE7C8A5B5A3E2DD933CC9E4"
    ],
    "dex": "Astroport",
    "type": "stable"
  },
  {
    "id": "terra179a20595ssz3zxmg46t9jpwyq5vfhuvyelj5qnthq6dcah9tdu0sxpt0tm",
    "asset_ids": [
      "terra1uv8ltv32tuq4qf6xspytpv058p0pef64s5xdncfywjexv22lfjzs7mul8s",
      "uluna"
    ],
    "dex": "Astroport",
    "type": "xyk"
  },
  {
    "id": "terra1dm2jkvxqwgnez8llnut46837ky29rvzxy9kl69kqh30r78qdj8rs4rksl8",
    "asset_ids": [
      "ibc/B3504E092456BA618CC28AC671A71FB08C6CA0FD0BE7C8A5B5A3E2DD933CC9E4",
      "ibc/CBF67A2BCF6CAE343FDF251E510C8E18C361FC02B23430C121116E0811835DEF"
    ],
    "dex": "Phoenix",
    "type": "stable"
  },
  {
    "id": "terra164w2vl7z7lpuvex6z3ru0v55fgq3dmvxuqt0aejp49w7fyc8g6ksfw55nh",
    "asset_ids": [
      "ibc/BC8A77AFBD872FDC32A348D3FB10CC09277C266CFE52081DE341C7EC6752E674",
      "uluna"
    ],
    "dex": "Phoenix",
    "type": "xyk"
  },
  {
    "id": "terra1xjv2pmf26yaz3wqft7caafgckdg4eflzsw56aqhdcjw58qx0v2mqux87t8",
    "asset_ids": [
      "terra1qj5hs3e86qn4vm9dvtgtlkdp550r0rayk9wpay44mfw3gn3tr8nq5jw3dg",
      "uluna"
    ],
    "dex": "Terraswap",
    "type": "xyk"
  }
]
